<html>
<body>
<pre>
<h1>µVision Build Log</h1>
<h2>Tool Versions:</h2>
IDE-Version: µVision V5.25.2.0
Copyright (C) 2018 ARM Ltd and ARM Germany GmbH. All rights reserved.
License Information: Larry Kiser, Rochester Institute of Technology, LIC=----
 
Tool Versions:
Toolchain:       MDK-Lite  Version: 5.25.2.0
Toolchain Path:  C:\Keil_v5\ARM\ARMCC\Bin
C Compiler:      Armcc.exe V5.06 update 6 (build 750)
Assembler:       Armasm.exe V5.06 update 6 (build 750)
Linker/Locator:  ArmLink.exe V5.06 update 6 (build 750)
Library Manager: ArmAr.exe V5.06 update 6 (build 750)
Hex Converter:   FromElf.exe V5.06 update 6 (build 750)
CPU DLL:         SARMCM3.DLL V5.25.2.0
Dialog DLL:      DCM.DLL V1.17.1.0
Target DLL:      STLink\ST-LINKIII-KEIL_SWO.dll V3.0.1.0
Dialog DLL:      TCM.DLL V1.35.1.0
 
<h2>Project:</h2>
D:\RealtimeEmbedded\P6_starter\MDK-ARM\P6_starter.uvprojx
Project File Date:  11/18/2019

<h2>Output:</h2>
*** Using Compiler 'V5.06 update 6 (build 750)', folder: 'C:\Keil_v5\ARM\ARMCC\Bin'
Build target 'P6_starter'
compiling servo.c...
../Inc/Timer.h(3): warning:  #1295-D: Deprecated declaration initTIM2 - give arg types
  void initTIM2();
../Inc/Timer.h(4): warning:  #1295-D: Deprecated declaration getCNT - give arg types
  unsigned int getCNT();
../Inc/Timer.h(5): warning:  #1295-D: Deprecated declaration getCCR1 - give arg types
  unsigned int getCCR1();
../Inc/Timer.h(7): warning:  #1295-D: Deprecated declaration initTIM3 - give arg types
  void initTIM3();
../Inc/Timer.h(8): warning:  #1295-D: Deprecated declaration getTIM3_TIF - give arg types
  int getTIM3_TIF();
../Inc/Timer.h(9): warning:  #1295-D: Deprecated declaration resetTIM3_TIF - give arg types
  void resetTIM3_TIF();
..\Src\servo.c(135): warning:  #940-D: missing return statement at end of non-void function "getGyroPostion" 
  }
..\Src\servo.c: 7 warnings, 0 errors
linking...
Program Size: Code=19448 RO-data=528 RW-data=1052 ZI-data=11956  
FromELF: creating hex file...
"P6_starter\P6_starter.axf" - 0 Error(s), 7 Warning(s).

<h2>Software Packages used:</h2>

Package Vendor: ARM
                http://www.keil.com/pack/ARM.CMSIS.5.4.0.pack
                ARM.CMSIS.5.4.0
                CMSIS (Cortex Microcontroller Software Interface Standard)
   * Component: CORE Version: 5.1.2

Package Vendor: Keil
                http://www.keil.com/pack/Keil.STM32L4xx_DFP.2.0.0.pack
                Keil.STM32L4xx_DFP.2.0.0
                STMicroelectronics STM32L4 Series Device Support, Drivers and Examples

<h2>Collection of Component include folders:</h2>
  .\RTE\_P6_starter
  C:\Keil_v5\ARM\PACK\ARM\CMSIS\5.4.0\CMSIS\Core\Include
  C:\Keil_v5\ARM\PACK\Keil\STM32L4xx_DFP\2.0.0\Drivers\CMSIS\Device\ST\STM32L4xx\Include

<h2>Collection of Component Files used:</h2>

   * Component: ARM::CMSIS:CORE:5.1.2
Build Time Elapsed:  00:00:13
</pre>
</body>
</html>
